\BOOKMARK [1][-]{section.1}{\376\377\220\011\230\230\166\204\200\314\146\157\060\001\170\024\172\166\225\356\230\230\060\001\164\006\213\272\141\017\116\111\060\001\133\236\165\050\116\367\120\074}{}% 1
\BOOKMARK [2][-]{subsection.1.1}{\376\377\220\011\230\230\200\314\146\157}{section.1}% 2
\BOOKMARK [2][-]{subsection.1.2}{\376\377\170\024\172\166\225\356\230\230}{section.1}% 3
\BOOKMARK [2][-]{subsection.1.3}{\376\377\164\006\213\272\141\017\116\111}{section.1}% 4
\BOOKMARK [2][-]{subsection.1.4}{\376\377\133\236\165\050\116\367\120\074}{section.1}% 5
\BOOKMARK [1][-]{section.2}{\376\377\126\375\121\205\131\026\170\024\172\166\163\260\162\266\116\016\123\321\134\125\215\213\122\277}{}% 6
\BOOKMARK [2][-]{subsection.2.1}{\376\377\000K\000i\000n\000k\126\336\137\122\116\016\176\323\147\204\140\047\123\330\123\026\150\300\232\214}{section.2}% 7
\BOOKMARK [2][-]{subsection.2.2}{\376\377\123\314\221\315\172\063\120\145\143\250\145\255\145\271\154\325}{section.2}% 8
\BOOKMARK [2][-]{subsection.2.3}{\376\377\123\112\166\321\167\143\176\337\213\241\143\250\145\255}{section.2}% 9
\BOOKMARK [2][-]{subsection.2.4}{\376\377\227\136\123\302\145\160\150\070\117\060\213\241\116\016\116\130\145\160\201\352\122\251\154\325}{section.2}% 10
\BOOKMARK [2][-]{subsection.2.5}{\376\377\145\207\163\056\217\360\213\304}{section.2}% 11
\BOOKMARK [1][-]{section.3}{\376\377\170\024\172\166\166\204\127\372\147\054\140\035\215\357\116\016\145\271\154\325}{}% 12
\BOOKMARK [2][-]{subsection.3.1}{\376\377\152\041\127\213\213\276\133\232}{section.3}% 13
\BOOKMARK [2][-]{subsection.3.2}{\376\377\123\112\166\321\167\143\123\314\221\315\172\063\120\145\000S\000c\000o\000r\000e\150\300\232\214}{section.3}% 14
\BOOKMARK [2][-]{subsection.3.3}{\376\377\150\300\232\214\176\337\213\241\221\317\116\016\143\250\145\255}{section.3}% 15
\BOOKMARK [2][-]{subsection.3.4}{\376\377\116\130\145\160\201\352\122\251\154\325}{section.3}% 16
\BOOKMARK [2][-]{subsection.3.5}{\376\377\152\041\142\337\133\236\232\214\213\276\213\241}{section.3}% 17
\BOOKMARK [1][-]{section.4}{\376\377\213\272\145\207\166\204\122\033\145\260\140\047\134\035\213\325}{}% 18
\BOOKMARK [2][-]{subsection.4.1}{\376\377\123\112\166\321\167\143\123\314\221\315\172\063\120\145\000K\000i\000n\000k\150\300\232\214\166\204\164\006\213\272\150\106\147\266}{section.4}% 19
\BOOKMARK [2][-]{subsection.4.2}{\376\377\123\112\166\321\167\143\145\110\163\207\130\236\166\312\166\204\116\045\150\074\164\006\213\272\213\301\146\016}{section.4}% 20
\BOOKMARK [1][-]{section.5}{\376\377\170\024\172\166\226\276\160\271\116\016\230\204\147\037\142\020\147\234}{}% 21
\BOOKMARK [2][-]{subsection.5.1}{\376\377\164\006\213\272\134\102\227\142}{section.5}% 22
\BOOKMARK [2][-]{subsection.5.2}{\376\377\152\041\142\337\133\236\232\214}{section.5}% 23
\BOOKMARK [3][-]{subsubsection.5.2.1}{\376\377\133\236\232\214\213\276\177\156}{subsection.5.2}% 24
\BOOKMARK [3][-]{subsubsection.5.2.2}{\376\377\000T\000y\000p\000e\000\040\000I\000\040\000e\000r\000r\000o\000r\176\323\147\234}{subsection.5.2}% 25
\BOOKMARK [3][-]{subsubsection.5.2.3}{\376\377\122\237\145\110\176\323\147\234}{subsection.5.2}% 26
\BOOKMARK [2][-]{subsection.5.3}{\376\377\136\224\165\050\134\102\227\142}{section.5}% 27
\BOOKMARK [3][-]{subsubsection.5.3.1}{\376\377\000A\000C\000T\000G\0001\0007\0005\145\160\143\156\226\306}{subsection.5.3}% 28
\BOOKMARK [3][-]{subsubsection.5.3.2}{\376\377\000P\000B\000C\145\160\143\156\226\306}{subsection.5.3}% 29
\BOOKMARK [3][-]{subsubsection.5.3.3}{\376\377\133\236\213\301\122\006\147\220\213\241\122\022}{subsection.5.3}% 30
\BOOKMARK [1][-]{section.6}{\376\377\170\024\172\166\203\003\126\364\116\016\166\356\122\115\217\333\134\125\140\305\121\265\377\010\172\340\202\202\166\356\133\211\143\222\377\011}{}% 31
\BOOKMARK [2][-]{subsection.6.1}{\376\377\213\272\145\207\172\340\202\202\133\211\143\222}{section.6}% 32
\BOOKMARK [2][-]{subsection.6.2}{\376\377\166\356\122\115\217\333\134\125\140\305\121\265}{section.6}% 33
\BOOKMARK [1][-]{section.7}{\376\377\213\272\145\207\121\231\117\134\217\333\136\246\145\366\225\364\133\211\143\222}{}% 34
\BOOKMARK [1][-]{section.8}{\376\377\147\345\226\005\116\073\211\201\145\207\163\056}{}% 35
